// Jest Snapshot v1, https://goo.gl/fbAQLP

exports[`App should render correctly and have children 1`] = `
<App>
  <Container
    style={
      Object {
        "margin": 20,
        "width": "75vw",
      }
    }
  >
    <div
      className="ui container"
      style={
        Object {
          "margin": 20,
          "width": "75vw",
        }
      }
    >
      <Segment
        className="responsiveContainer"
        style={
          Object {
            "backgroundColor": "rgb(227, 234, 249)",
            "overflowY": "scroll",
          }
        }
      >
        <div
          className="ui segment responsiveContainer"
          style={
            Object {
              "backgroundColor": "rgb(227, 234, 249)",
              "overflowY": "scroll",
            }
          }
        >
          <div
            className="titleContainer"
            style={
              Object {
                "color": "rgb(247, 180, 128)",
                "fontFamily": "Mosk",
                "fontSize": "8em",
                "height": "1.8em",
              }
            }
          >
            <p>
              To do app
            </p>
          </div>
          <InterfaceNavbar
            createTodo={[Function]}
            showCompleted={true}
            togleCompleted={[Function]}
            togleForm={[Function]}
          >
            <Menu>
              <div
                className="ui menu"
              >
                <MenuItem
                  active={false}
                  className="viewTogle"
                  name="showCompleted"
                  onClick={[Function]}
                  position="left"
                >
                  <a
                    className="left item viewTogle"
                    onClick={[Function]}
                  >
                    Showing all
                  </a>
                </MenuItem>
                <MenuMenu
                  className="todoInput"
                  position="right"
                >
                  <div
                    className="right menu todoInput"
                  >
                    <div
                      className="ui right aligned category search item todoInput"
                    >
                      <div
                        className="ui transparent icon input todoInput"
                      >
                        <input
                          className="prompt"
                          id="inputText"
                          name="todoText"
                          onChange={[Function]}
                          onKeyUp={[Function]}
                          placeholder="Todo name..."
                          type="text"
                        />
                      </div>
                    </div>
                    <i
                      className="right arrow link icon submit"
                      onClick={[Function]}
                    />
                  </div>
                </MenuMenu>
              </div>
            </Menu>
          </InterfaceNavbar>
          <TodoList
            deleteTodo={[Function]}
            showCompleted={true}
            todos={Array []}
            updateTodo={[Function]}
          >
            <div
              className="responsiveContainer"
            />
          </TodoList>
        </div>
      </Segment>
    </div>
  </Container>
</App>
`;

exports[`App should render correctly, have children, pass functions to them and alter state correctly  1`] = `
<App>
  <Container
    style={
      Object {
        "margin": 20,
        "width": "75vw",
      }
    }
  >
    <div
      className="ui container"
      style={
        Object {
          "margin": 20,
          "width": "75vw",
        }
      }
    >
      <Segment
        className="responsiveContainer"
        style={
          Object {
            "backgroundColor": "rgb(227, 234, 249)",
            "overflowY": "scroll",
          }
        }
      >
        <div
          className="ui segment responsiveContainer"
          style={
            Object {
              "backgroundColor": "rgb(227, 234, 249)",
              "overflowY": "scroll",
            }
          }
        >
          <div
            className="titleContainer"
            style={
              Object {
                "color": "rgb(247, 180, 128)",
                "fontFamily": "Mosk",
                "fontSize": "8em",
                "height": "1.8em",
              }
            }
          >
            <p>
              To do app
            </p>
          </div>
          <InterfaceNavbar
            createTodo={[Function]}
            showCompleted={true}
            togleCompleted={[Function]}
            togleForm={[Function]}
          >
            <Menu>
              <div
                className="ui menu"
              >
                <MenuItem
                  active={false}
                  className="viewTogle"
                  name="showCompleted"
                  onClick={[Function]}
                  position="left"
                >
                  <a
                    className="left item viewTogle"
                    onClick={[Function]}
                  >
                    Showing all
                  </a>
                </MenuItem>
                <MenuMenu
                  className="todoInput"
                  position="right"
                >
                  <div
                    className="right menu todoInput"
                  >
                    <div
                      className="ui right aligned category search item todoInput"
                    >
                      <div
                        className="ui transparent icon input todoInput"
                      >
                        <input
                          className="prompt"
                          id="inputText"
                          name="todoText"
                          onChange={[Function]}
                          onKeyUp={[Function]}
                          placeholder="Todo name..."
                          type="text"
                        />
                      </div>
                    </div>
                    <i
                      className="right arrow link icon submit"
                      onClick={[Function]}
                    />
                  </div>
                </MenuMenu>
              </div>
            </Menu>
          </InterfaceNavbar>
          <TodoList
            deleteTodo={[Function]}
            showCompleted={true}
            todos={Array []}
            updateTodo={[Function]}
          >
            <div
              className="responsiveContainer"
            />
          </TodoList>
        </div>
      </Segment>
    </div>
  </Container>
</App>
`;
